[    0.000000] Initializing cgroup subsys cpuset
[    0.000000] Initializing cgroup subsys cpu
[    0.000000] Initializing cgroup subsys cpuacct
[    0.000000] Linux version 4.4.0-159-generic (buildd@lgw01-amd64-042) (gcc version 5.4.0 20160609 (Ubuntu 5.4.0-6ubuntu1~16.04.10) ) #187-Ubuntu SMP Thu Aug 1 16:28:06 UTC 2019 (Ubuntu 4.4.0-159.187-generic 4.4.185)
[    0.000000] Command line: BOOT_IMAGE=/boot/vmlinuz-4.4.0-159-generic root=LABEL=cloudimg-rootfs ro console=tty1 console=ttyS0
[    0.000000] KERNEL supported cpus:
[    0.000000]   Intel GenuineIntel
[    0.000000]   AMD AuthenticAMD
[    0.000000]   Centaur CentaurHauls
[    0.000000] x86/fpu: xstate_offset[2]:  576, xstate_sizes[2]:  256
[    0.000000] x86/fpu: Supporting XSAVE feature 0x01: 'x87 floating point registers'
[    0.000000] x86/fpu: Supporting XSAVE feature 0x02: 'SSE registers'
[    0.000000] x86/fpu: Supporting XSAVE feature 0x04: 'AVX registers'
[    0.000000] x86/fpu: Enabled xstate features 0x7, context size is 832 bytes, using 'standard' format.
[    0.000000] e820: BIOS-provided physical RAM map:
[    0.000000] BIOS-e820: [mem 0x0000000000000000-0x000000000009fbff] usable
[    0.000000] BIOS-e820: [mem 0x000000000009fc00-0x000000000009ffff] reserved
[    0.000000] BIOS-e820: [mem 0x00000000000f0000-0x00000000000fffff] reserved
[    0.000000] BIOS-e820: [mem 0x0000000000100000-0x000000003ffeffff] usable
[    0.000000] BIOS-e820: [mem 0x000000003fff0000-0x000000003fffffff] ACPI data
[    0.000000] BIOS-e820: [mem 0x00000000fec00000-0x00000000fec00fff] reserved
[    0.000000] BIOS-e820: [mem 0x00000000fee00000-0x00000000fee00fff] reserved
[    0.000000] BIOS-e820: [mem 0x00000000fffc0000-0x00000000ffffffff] reserved
[    0.000000] NX (Execute Disable) protection: active
[    0.000000] SMBIOS 2.5 present.
[    0.000000] Hypervisor detected: KVM
[    0.000000] e820: last_pfn = 0x3fff0 max_arch_pfn = 0x400000000
[    0.000000] MTRR: Disabled
[    0.000000] x86/PAT: MTRRs disabled, skipping PAT initialization too.
[    0.000000] CPU MTRRs all blank - virtualized system.
[    0.000000] x86/PAT: Configuration [0-7]: WB  WT  UC- UC  WB  WT  UC- UC  
[    0.000000] found SMP MP-table at [mem 0x0009fff0-0x0009ffff] mapped at [ffff88000009fff0]
[    0.000000] Scanning 1 areas for low memory corruption
[    0.000000] RAMDISK: [mem 0x362fe000-0x37176fff]
[    0.000000] ACPI: Early table checksum verification disabled
[    0.000000] ACPI: RSDP 0x00000000000E0000 000024 (v02 VBOX  )
[    0.000000] ACPI: XSDT 0x000000003FFF0030 00003C (v01 VBOX   VBOXXSDT 00000001 ASL  00000061)
[    0.000000] ACPI: FACP 0x000000003FFF00F0 0000F4 (v04 VBOX   VBOXFACP 00000001 ASL  00000061)
[    0.000000] ACPI: DSDT 0x000000003FFF0470 0022EA (v02 VBOX   VBOXBIOS 00000002 INTL 20100528)
[    0.000000] ACPI: FACS 0x000000003FFF0200 000040
[    0.000000] ACPI: FACS 0x000000003FFF0200 000040
[    0.000000] ACPI: APIC 0x000000003FFF0240 00005C (v02 VBOX   VBOXAPIC 00000001 ASL  00000061)
[    0.000000] ACPI: SSDT 0x000000003FFF02A0 0001CC (v01 VBOX   VBOXCPUT 00000002 INTL 20100528)
[    0.000000] No NUMA configuration found
[    0.000000] Faking a node at [mem 0x0000000000000000-0x000000003ffeffff]
[    0.000000] NODE_DATA(0) allocated [mem 0x3ffeb000-0x3ffeffff]
[    0.000000] kvm-clock: Using msrs 4b564d01 and 4b564d00
[    0.000000] kvm-clock: cpu 0, msr 0:3ffe3001, primary cpu clock
[    0.000000] kvm-clock: using sched offset of 3425260242 cycles
[    0.000000] clocksource: kvm-clock: mask: 0xffffffffffffffff max_cycles: 0x1cd42e4dffb, max_idle_ns: 881590591483 ns
[    0.000000] Zone ranges:
[    0.000000]   DMA      [mem 0x0000000000001000-0x0000000000ffffff]
[    0.000000]   DMA32    [mem 0x0000000001000000-0x000000003ffeffff]
[    0.000000]   Normal   empty
[    0.000000]   Device   empty
[    0.000000] Movable zone start for each node
[    0.000000] Early memory node ranges
[    0.000000]   node   0: [mem 0x0000000000001000-0x000000000009efff]
[    0.000000]   node   0: [mem 0x0000000000100000-0x000000003ffeffff]
[    0.000000] Initmem setup node 0 [mem 0x0000000000001000-0x000000003ffeffff]
[    0.000000] ACPI: PM-Timer IO Port: 0x4008
[    0.000000] IOAPIC[0]: apic_id 2, version 32, address 0xfec00000, GSI 0-23
[    0.000000] ACPI: INT_SRC_OVR (bus 0 bus_irq 0 global_irq 2 dfl dfl)
[    0.000000] ACPI: INT_SRC_OVR (bus 0 bus_irq 9 global_irq 9 low level)
[    0.000000] Using ACPI (MADT) for SMP configuration information
[    0.000000] smpboot: Allowing 2 CPUs, 0 hotplug CPUs
[    0.000000] PM: Registered nosave memory: [mem 0x00000000-0x00000fff]
[    0.000000] PM: Registered nosave memory: [mem 0x0009f000-0x0009ffff]
[    0.000000] PM: Registered nosave memory: [mem 0x000a0000-0x000effff]
[    0.000000] PM: Registered nosave memory: [mem 0x000f0000-0x000fffff]
[    0.000000] e820: [mem 0x40000000-0xfebfffff] available for PCI devices
[    0.000000] Booting paravirtualized kernel on KVM
[    0.000000] clocksource: refined-jiffies: mask: 0xffffffff max_cycles: 0xffffffff, max_idle_ns: 7645519600211568 ns
[    0.000000] setup_percpu: NR_CPUS:512 nr_cpumask_bits:512 nr_cpu_ids:2 nr_node_ids:1
[    0.000000] PERCPU: Embedded 34 pages/cpu @ffff88003fc00000 s99544 r8192 d31528 u1048576
[    0.000000] Built 1 zonelists in Node order, mobility grouping on.  Total pages: 257912
[    0.000000] Policy zone: DMA32
[    0.000000] Kernel command line: BOOT_IMAGE=/boot/vmlinuz-4.4.0-159-generic root=LABEL=cloudimg-rootfs ro console=tty1 console=ttyS0
[    0.000000] PID hash table entries: 4096 (order: 3, 32768 bytes)
[    0.000000] Memory: 997736K/1048120K available (8618K kernel code, 1335K rwdata, 4032K rodata, 1488K init, 1284K bss, 50384K reserved, 0K cma-reserved)
[    0.000000] SLUB: HWalign=64, Order=0-3, MinObjects=0, CPUs=2, Nodes=1
[    0.000000] Kernel/User page tables isolation: enabled
[    0.000000] Hierarchical RCU implementation.
[    0.000000] 	Build-time adjustment of leaf fanout to 64.
[    0.000000] 	RCU restricting CPUs from NR_CPUS=512 to nr_cpu_ids=2.
[    0.000000] RCU: Adjusting geometry for rcu_fanout_leaf=64, nr_cpu_ids=2
[    0.000000] NR_IRQS:33024 nr_irqs:440 16
[    0.000000] Console: colour VGA+ 80x25
[    0.000000] console [tty1] enabled
[    0.000000] console [ttyS0] enabled
[    0.000000] tsc: Detected 2712.002 MHz processor
[    0.148030] Calibrating delay loop (skipped) preset value.. 5424.00 BogoMIPS (lpj=10848008)
[    0.149782] pid_max: default: 32768 minimum: 301
[    0.150674] ACPI: Core revision 20150930
[    0.152398] ACPI: 2 ACPI AML tables successfully acquired and loaded
[    0.153710] Security Framework initialized
[    0.154518] Yama: becoming mindful.
[    0.155306] AppArmor: AppArmor initialized
[    0.156244] Dentry cache hash table entries: 131072 (order: 8, 1048576 bytes)
[    0.160548] Inode-cache hash table entries: 65536 (order: 7, 524288 bytes)
[    0.161978] Mount-cache hash table entries: 2048 (order: 2, 16384 bytes)
[    0.163214] Mountpoint-cache hash table entries: 2048 (order: 2, 16384 bytes)
[    0.164596] Initializing cgroup subsys io
[    0.165451] Initializing cgroup subsys memory
[    0.166321] Initializing cgroup subsys devices
[    0.167261] Initializing cgroup subsys freezer
[    0.168165] Initializing cgroup subsys net_cls
[    0.168985] Initializing cgroup subsys perf_event
[    0.169830] Initializing cgroup subsys net_prio
[    0.170661] Initializing cgroup subsys hugetlb
[    0.171512] Initializing cgroup subsys pids
[    0.173996] mce: CPU supports 0 MCE banks
[    0.174786] Last level iTLB entries: 4KB 64, 2MB 8, 4MB 8
[    0.175760] Last level dTLB entries: 4KB 64, 2MB 0, 4MB 0, 1GB 4
[    0.176771] Spectre V1 : Mitigation: usercopy/swapgs barriers and __user pointer sanitization
[    0.178308] Spectre V2 : Mitigation: Full generic retpoline
[    0.179290] Spectre V2 : Spectre v2 / SpectreRSB mitigation: Filling RSB on context switch
[    0.180789] Speculative Store Bypass: Vulnerable
[    0.181727] MDS: Vulnerable: Clear CPU buffers attempted, no microcode
[    0.186191] Freeing SMP alternatives memory: 36K
[    0.193269] ftrace: allocating 32318 entries in 127 pages
[    0.257027] smpboot: APIC(0) Converting physical 0 to logical package 0
[    0.258322] smpboot: Max logical packages: 1
[    0.259531] x2apic enabled
[    0.260414] Switched APIC routing to physical x2apic.
[    0.262467] ..TIMER: vector=0x30 apic1=0 pin1=2 apic2=-1 pin2=-1
[    0.371447] smpboot: CPU0: Intel(R) Core(TM) i5-7200U CPU @ 2.50GHz (family: 0x6, model: 0x8e, stepping: 0x9)
[    0.373610] Performance Events: unsupported p6 CPU model 142 no PMU driver, software events only.
[    0.387849] KVM setup paravirtual spinlock
[    0.389373] x86: Booting SMP configuration:
[    0.390179] .... node  #0, CPUs:      #1
[    0.391072] kvm-clock: cpu 1, msr 0:3ffe3041, secondary cpu clock
[    0.392935] mce: CPU supports 0 MCE banks
[    0.395514] x86: Booted up 1 node, 2 CPUs
[    0.396542] smpboot: Total of 2 processors activated (10848.00 BogoMIPS)
[    0.398258] devtmpfs: initialized
[    0.400874] evm: security.selinux
[    0.401645] evm: security.SMACK64
[    0.402411] evm: security.SMACK64EXEC
[    0.403363] evm: security.SMACK64TRANSMUTE
[    0.404218] evm: security.SMACK64MMAP
[    0.405084] evm: security.ima
[    0.405769] evm: security.capability
[    0.406726] clocksource: jiffies: mask: 0xffffffff max_cycles: 0xffffffff, max_idle_ns: 7645041785100000 ns
[    0.408695] futex hash table entries: 512 (order: 3, 32768 bytes)
[    0.409959] pinctrl core: initialized pinctrl subsystem
[    0.411053] RTC time: 10:55:25, date: 08/20/19
[    0.412207] NET: Registered protocol family 16
[    0.423840] cpuidle: using governor ladder
[    0.436747] cpuidle: using governor menu
[    0.437617] PCCT header not found.
[    0.438429] ACPI: bus type PCI registered
[    0.439304] acpiphp: ACPI Hot Plug PCI Controller Driver version: 0.5
[    0.440614] PCI: Using configuration type 1 for base access
[    0.452856] ACPI: Added _OSI(Module Device)
[    0.453893] ACPI: Added _OSI(Processor Device)
[    0.454958] ACPI: Added _OSI(3.0 _SCP Extensions)
[    0.456039] ACPI: Added _OSI(Processor Aggregator Device)
[    0.458080] ACPI: Executed 1 blocks of module-level executable AML code
[    0.461979] ACPI: Interpreter enabled
[    0.462778] ACPI: (supports S0 S5)
[    0.463519] ACPI: Using IOAPIC for interrupt routing
[    0.464644] PCI: Using host bridge windows from ACPI; if necessary, use "pci=nocrs" and report a bug
[    0.471312] ACPI: PCI Root Bridge [PCI0] (domain 0000 [bus 00-ff])
[    0.473057] acpi PNP0A03:00: _OSC: OS supports [ASPM ClockPM Segments MSI]
[    0.474646] acpi PNP0A03:00: _OSC: not requesting OS control; OS requires [ExtendedConfig ASPM ClockPM MSI]
[    0.476615] acpi PNP0A03:00: fail to add MMCONFIG information, can't access extended PCI configuration space under this bridge.
[    0.479109] PCI host bridge to bus 0000:00
[    0.479940] pci_bus 0000:00: root bus resource [io  0x0000-0x0cf7 window]
[    0.481196] pci_bus 0000:00: root bus resource [io  0x0d00-0xffff window]
[    0.482460] pci_bus 0000:00: root bus resource [mem 0x000a0000-0x000bffff window]
[    0.484078] pci_bus 0000:00: root bus resource [mem 0x40000000-0xfdffffff window]
[    0.485711] pci_bus 0000:00: root bus resource [bus 00-ff]
[    0.488605] pci 0000:00:01.1: legacy IDE quirk: reg 0x10: [io  0x01f0-0x01f7]
[    0.489951] pci 0000:00:01.1: legacy IDE quirk: reg 0x14: [io  0x03f6]
[    0.491896] pci 0000:00:01.1: legacy IDE quirk: reg 0x18: [io  0x0170-0x0177]
[    0.493116] pci 0000:00:01.1: legacy IDE quirk: reg 0x1c: [io  0x0376]
[    0.525296] pci 0000:00:07.0: quirk: [io  0x4000-0x403f] claimed by PIIX4 ACPI
[    0.526953] pci 0000:00:07.0: quirk: [io  0x4100-0x410f] claimed by PIIX4 SMB
[    0.542384] ACPI: PCI Interrupt Link [LNKA] (IRQs 5 9 10 *11)
[    0.544533] ACPI: PCI Interrupt Link [LNKB] (IRQs 5 9 *10 11)
[    0.546402] ACPI: PCI Interrupt Link [LNKC] (IRQs 5 *9 10 11)
[    0.548155] ACPI: PCI Interrupt Link [LNKD] (IRQs 5 9 10 *11)
[    0.549624] ACPI: Enabled 2 GPEs in block 00 to 07
[    0.550959] vgaarb: setting as boot device: PCI:0000:00:02.0
[    0.551949] vgaarb: device added: PCI:0000:00:02.0,decodes=io+mem,owns=io+mem,locks=none
[    0.553524] vgaarb: loaded
[    0.554131] vgaarb: bridge control possible 0000:00:02.0
[    0.555355] SCSI subsystem initialized
[    0.556242] ACPI: bus type USB registered
[    0.557058] usbcore: registered new interface driver usbfs
[    0.558033] usbcore: registered new interface driver hub
[    0.559027] usbcore: registered new device driver usb
[    0.560139] PCI: Using ACPI for IRQ routing
[    0.561216] NetLabel: Initializing
[    0.561931] NetLabel:  domain hash size = 128
[    0.562767] NetLabel:  protocols = UNLABELED CIPSOv4
[    0.566602] NetLabel:  unlabeled traffic allowed by default
[    0.568172] amd_nb: Cannot enumerate AMD northbridges
[    0.569492] clocksource: Switched to clocksource kvm-clock
[    0.582652] AppArmor: AppArmor Filesystem Enabled
[    0.583895] pnp: PnP ACPI init
[    0.585398] pnp: PnP ACPI: found 3 devices
[    0.597518] clocksource: acpi_pm: mask: 0xffffff max_cycles: 0xffffff, max_idle_ns: 2085701024 ns
[    0.600396] NET: Registered protocol family 2
[    0.601516] TCP established hash table entries: 8192 (order: 4, 65536 bytes)
[    0.603588] TCP bind hash table entries: 8192 (order: 5, 131072 bytes)
[    0.604996] TCP: Hash tables configured (established 8192 bind 8192)
[    0.606328] UDP hash table entries: 512 (order: 2, 16384 bytes)
[    0.607776] UDP-Lite hash table entries: 512 (order: 2, 16384 bytes)
[    0.610242] NET: Registered protocol family 1
[    0.612040] pci 0000:00:00.0: Limiting direct PCI/PCI transfers
[    0.613805] pci 0000:00:01.0: Activating ISA DMA hang workarounds
[    0.615759] Unpacking initramfs...
[    0.903533] Freeing initrd memory: 14820K
[    0.904768] clocksource: tsc: mask: 0xffffffffffffffff max_cycles: 0x2717880cafa, max_idle_ns: 440795252614 ns
[    0.907845] platform rtc_cmos: registered platform RTC device (no PNP device found)
[    0.909629] Scanning for low memory corruption every 60 seconds
[    0.911747] audit: initializing netlink subsys (disabled)
[    0.912944] audit: type=2000 audit(1566298530.856:1): initialized
[    0.915002] Initialise system trusted keyring
[    0.916407] HugeTLB registered 2 MB page size, pre-allocated 0 pages
[    0.918991] zbud: loaded
[    0.920119] VFS: Disk quotas dquot_6.6.0
[    0.921108] VFS: Dquot-cache hash table entries: 512 (order 0, 4096 bytes)
[    0.923581] squashfs: version 4.0 (2009/01/31) Phillip Lougher
[    0.925209] fuse init (API version 7.23)
[    0.926404] Key type big_key registered
[    0.927348] Allocating IMA MOK and blacklist keyrings.
[    0.930511] Key type asymmetric registered
[    0.931545] Asymmetric key parser 'x509' registered
[    0.932941] Block layer SCSI generic (bsg) driver version 0.4 loaded (major 249)
[    0.934855] io scheduler noop registered
[    0.935920] io scheduler deadline registered (default)
[    0.937106] io scheduler cfq registered
[    0.938517] pci_hotplug: PCI Hot Plug PCI Core version: 0.5
[    0.940230] pciehp: PCI Express Hot Plug Controller Driver version: 0.4
[    0.942096] ACPI: AC Adapter [AC] (on-line)
[    0.943569] input: Power Button as /devices/LNXSYSTM:00/LNXPWRBN:00/input/input0
[    0.945175] ACPI: Power Button [PWRF]
[    0.946309] input: Sleep Button as /devices/LNXSYSTM:00/LNXSLPBN:00/input/input1
[    0.948481] ACPI: Sleep Button [SLPF]
[    0.949761] GHES: HEST is not enabled!
[    0.950847] ACPI: Battery Slot [BAT0] (battery present)
[    0.951949] Serial: 8250/16550 driver, 32 ports, IRQ sharing enabled
[    0.974587] 00:02: ttyS0 at I/O 0x3f8 (irq = 4, base_baud = 115200) is a 16550A
[    0.979949] Linux agpgart interface v0.103
[    0.983729] loop: module loaded
[    0.985873] scsi host0: ata_piix
[    0.986981] scsi host1: ata_piix
[    0.987929] ata1: PATA max UDMA/33 cmd 0x1f0 ctl 0x3f6 bmdma 0xd000 irq 14
[    0.989398] ata2: PATA max UDMA/33 cmd 0x170 ctl 0x376 bmdma 0xd008 irq 15
[    0.991178] libphy: Fixed MDIO Bus: probed
[    0.992289] tun: Universal TUN/TAP device driver, 1.6
[    0.993696] tun: (C) 1999-2004 Max Krasnyansky <maxk@qualcomm.com>
[    0.995358] PPP generic driver version 2.4.2
[    0.996600] ehci_hcd: USB 2.0 'Enhanced' Host Controller (EHCI) Driver
[    0.998286] ehci-pci: EHCI PCI platform driver
[    0.999489] ehci-platform: EHCI generic platform driver
[    1.000887] ohci_hcd: USB 1.1 'Open' Host Controller (OHCI) Driver
[    1.002381] ohci-pci: OHCI PCI platform driver
[    1.003452] ohci-platform: OHCI generic platform driver
[    1.004634] uhci_hcd: USB Universal Host Controller Interface driver
[    1.006010] i8042: PNP: PS/2 Controller [PNP0303:PS2K,PNP0f03:PS2M] at 0x60,0x64 irq 1,12
[    1.008307] serio: i8042 KBD port at 0x60,0x64 irq 1
[    1.009386] serio: i8042 AUX port at 0x60,0x64 irq 12
[    1.010862] mousedev: PS/2 mouse device common for all mice
[    1.012386] input: AT Translated Set 2 keyboard as /devices/platform/i8042/serio0/input/input2
[    1.014786] rtc_cmos rtc_cmos: rtc core: registered rtc_cmos as rtc0
[    1.016382] rtc_cmos rtc_cmos: alarms up to one day, 114 bytes nvram
[    1.017919] i2c /dev entries driver
[    1.018994] device-mapper: uevent: version 1.0.3
[    1.020156] device-mapper: ioctl: 4.34.0-ioctl (2015-10-28) initialised: dm-devel@redhat.com
[    1.022666] ledtrig-cpu: registered to indicate activity on CPUs
[    1.025537] NET: Registered protocol family 10
[    1.026963] NET: Registered protocol family 17
[    1.028153] Key type dns_resolver registered
[    1.029869] registered taskstats version 1
[    1.030971] Loading compiled-in X.509 certificates
[    1.032949] Loaded X.509 cert 'Build time autogenerated kernel key: d14182f9795b80ec340f636a5a08bf5817ccd8e7'
[    1.035329] zswap: loaded using pool lzo/zbud
[    1.039088] Key type trusted registered
[    1.044201] Key type encrypted registered
[    1.045257] AppArmor: AppArmor sha1 policy hashing enabled
[    1.046524] ima: No TPM chip found, activating TPM-bypass!
[    1.047689] ima: Allocated hash algorithm: sha1
[    1.048573] evm: HMAC attrs: 0x1
[    1.049680]   Magic number: 15:465:932
[    1.050499] rtc_cmos rtc_cmos: setting system clock to 2019-08-20 10:55:26 UTC (1566298526)
[    1.052184] BIOS EDD facility v0.16 2004-Jun-25, 0 devices found
[    1.053610] EDD information not available.
[    1.146808] Freeing unused kernel memory: 1488K
[    1.147979] Write protecting the kernel read-only data: 14336k
[    1.149960] Freeing unused kernel memory: 1608K
[    1.151268] Freeing unused kernel memory: 64K
Loading, please wait...
starting version 229
[    1.169204] random: systemd-udevd: uninitialized urandom read (16 bytes read, 3 bits of entropy available)
[    1.169990] random: udevadm: uninitialized urandom read (16 bytes read, 3 bits of entropy available)
[    1.170013] random: udevadm: uninitialized urandom read (16 bytes read, 3 bits of entropy available)
[    1.176694] random: systemd-udevd: uninitialized urandom read (16 bytes read, 3 bits of entropy available)
[    1.178760] random: udevadm: uninitialized urandom read (16 bytes read, 3 bits of entropy available)
[    1.178836] random: udevadm: uninitialized urandom read (16 bytes read, 3 bits of entropy available)
[    1.178978] random: udevadm: uninitialized urandom read (16 bytes read, 3 bits of entropy available)
[    1.179029] random: udevadm: uninitialized urandom read (16 bytes read, 3 bits of entropy available)
[    1.179080] random: udevadm: uninitialized urandom read (16 bytes read, 3 bits of entropy available)
[    1.179132] random: udevadm: uninitialized urandom read (16 bytes read, 3 bits of entropy available)
[    1.225464] e1000: Intel(R) PRO/1000 Network Driver - version 7.3.21-k8-NAPI
[    1.227026] e1000: Copyright (c) 1999-2006 Intel Corporation.
[    1.248159] Fusion MPT base driver 3.04.20
[    1.249010] Copyright (c) 1999-2008 LSI Corporation
[    1.268985] AVX2 version of gcm_enc/dec engaged.
[    1.270467] AES CTR mode by8 optimization enabled
[    1.275998] Fusion MPT SPI Host driver 3.04.20
[    1.474855] input: ImExPS/2 Generic Explorer Mouse as /devices/platform/i8042/serio1/input/input4
[    1.615116] e1000 0000:00:03.0 eth0: (PCI:33MHz:32-bit) 02:42:45:d1:d3:36
[    1.616597] e1000 0000:00:03.0 eth0: Intel(R) PRO/1000 Network Connection
[    1.619462] mptbase: ioc0: Initiating bringup
[    1.909368] ioc0: LSI53C1030 A0: Capabilities={Initiator}
[    2.573035] scsi host2: ioc0: LSI53C1030 A0, FwRev=00000000h, Ports=1, MaxQ=256, IRQ=20
[    3.202679] scsi 2:0:0:0: Direct-Access     VBOX     HARDDISK         1.0  PQ: 0 ANSI: 5
[    3.204596] scsi target2:0:0: Beginning Domain Validation
[    3.208227] scsi target2:0:0: Domain Validation skipping write tests
[    3.209479] scsi target2:0:0: Ending Domain Validation
[    3.210594] scsi target2:0:0: asynchronous
[    3.212396] scsi 2:0:1:0: Direct-Access     VBOX     HARDDISK         1.0  PQ: 0 ANSI: 5
[    3.214507] scsi target2:0:1: Beginning Domain Validation
[    3.217488] scsi target2:0:1: Domain Validation skipping write tests
[    3.218648] scsi target2:0:1: Ending Domain Validation
[    3.219791] scsi target2:0:1: asynchronous
[    3.229475] sd 2:0:0:0: Attached scsi generic sg0 type 0
[    3.240239] sd 2:0:0:0: [sda] 20971520 512-byte logical blocks: (10.7 GB/10.0 GiB)
[    3.242239] sd 2:0:0:0: [sda] Write Protect is off
[    3.243406] sd 2:0:1:0: [sdb] 20480 512-byte logical blocks: (10.5 MB/10.0 MiB)
[    3.244941] sd 2:0:0:0: [sda] Incomplete mode parameter data
[    3.246007] sd 2:0:0:0: [sda] Assuming drive cache: write through
[    3.247140] sd 2:0:1:0: Attached scsi generic sg1 type 0
[    3.248254] sd 2:0:1:0: [sdb] Write Protect is off
[    3.249379] sd 2:0:1:0: [sdb] Incomplete mode parameter data
[    3.250821] sd 2:0:1:0: [sdb] Assuming drive cache: write through
[    3.256881]  sda: sda1
[    3.258540] sd 2:0:0:0: [sda] Attached SCSI disk
[    3.260022] sd 2:0:1:0: [sdb] Attached SCSI disk
[    3.589638] e1000 0000:00:08.0 eth1: (PCI:33MHz:32-bit) 08:00:27:1d:b8:ab
[    3.590957] e1000 0000:00:08.0 eth1: Intel(R) PRO/1000 Network Connection
[    3.593085] e1000 0000:00:03.0 enp0s3: renamed from eth0
[    3.611188] e1000 0000:00:08.0 enp0s8: renamed from eth1
Begin: Loading essential drivers ... [    4.938183] md: linear personality registered for level -1
[    4.941956] md: multipath personality registered for level -4
[    4.945919] md: raid0 personality registered for level 0
[    4.951160] md: raid1 personality registered for level 1
[    5.021938] raid6: sse2x1   gen() 10503 MB/s
[    5.089547] raid6: sse2x1   xor()  6630 MB/s
[    5.157614] raid6: sse2x2   gen() 11205 MB/s
[    5.225928] raid6: sse2x2   xor()  8323 MB/s
[    5.293529] raid6: sse2x4   gen() 14290 MB/s
[    5.361606] raid6: sse2x4   xor()  7970 MB/s
[    5.429928] raid6: avx2x1   gen() 20226 MB/s
[    5.497719] raid6: avx2x2   gen() 23992 MB/s
[    5.566035] raid6: avx2x4   gen() 26439 MB/s
[    5.566909] raid6: using algorithm avx2x4 gen() 26439 MB/s
[    5.568008] raid6: using avx2x2 recovery algorithm
[    5.570308] xor: automatically using best checksumming function:
[    5.609953]    avx       : 27971.000 MB/sec
[    5.612158] async_tx: api initialized (async)
[    5.623760] md: raid6 personality registered for level 6
[    5.624872] md: raid5 personality registered for level 5
[    5.626028] md: raid4 personality registered for level 4
[    5.633865] md: raid10 personality registered for level 10
done.
Begin: Running /scripts/init-premount ... done.
Begin: Mounting root file system ... Begin: Running /scripts/local-top ... done.
Begin: Running /scripts/local-premount ... [    5.663450] Btrfs loaded
Scanning for Btrfs filesystems
done.
Warning: fsck not present, so skipping root file system
[    5.702857] EXT4-fs (sda1): mounted filesystem with ordered data mode. Opts: (null)
done.
Begin: Running /scripts/local-bottom ... done.
Begin: Running /scripts/init-bottom ... done.
[    5.803396] systemd[1]: systemd 229 running in system mode. (+PAM +AUDIT +SELINUX +IMA +APPARMOR +SMACK +SYSVINIT +UTMP +LIBCRYPTSETUP +GCRYPT +GNUTLS +ACL +XZ -LZ4 +SECCOMP +BLKID +ELFUTILS +KMOD -IDN)
[    5.806499] systemd[1]: Detected virtualization oracle.
[    5.807537] systemd[1]: Detected architecture x86-64.

Welcome to [1mUbuntu 16.04.6 LTS[0m!

[    5.811543] systemd[1]: Set hostname to <ubuntu>.
[    5.816570] systemd[1]: Initializing machine ID from random generator.
[    5.818155] systemd[1]: Installed transient /etc/machine-id file.
[    5.958273] systemd[1]: Created slice User and Session Slice.
[[0;32m  OK  [0m] Created slice User and Session Slice.
[    5.960128] systemd[1]: Started Trigger resolvconf update for networkd DNS.
[[0;32m  OK  [0m] Started Trigger resolvconf update for networkd DNS.
[    5.962512] systemd[1]: Listening on udev Kernel Socket.
[[0;32m  OK  [0m] Listening on udev Kernel Socket.
[    5.964354] systemd[1]: Started Forward Password Requests to Wall Directory Watch.
[[0;32m  OK  [0m] Started Forward Password Requests to Wall Directory Watch.
[    5.967112] systemd[1]: Listening on LVM2 poll daemon socket.
[[0;32m  OK  [0m] Listening on LVM2 poll daemon socket.
[    5.969137] systemd[1]: Listening on Journal Audit Socket.
[[0;32m  OK  [0m] Listening on Journal Audit Socket.
[    5.971052] systemd[1]: Reached target Swap.
[[0;32m  OK  [0m] Reached target Swap.
[    5.972743] systemd[1]: Listening on Syslog Socket.
[[0;32m  OK  [0m] Listening on Syslog Socket.
[    5.974490] systemd[1]: Listening on Device-mapper event daemon FIFOs.
[[0;32m  OK  [0m] Listening on Device-mapper event daemon FIFOs.
[    5.976682] systemd[1]: Listening on Journal Socket.
[[0;32m  OK  [0m] Listening on Journal Socket.
[    5.978576] systemd[1]: Reached target User and Group Name Lookups.
[[0;32m  OK  [0m] Reached target User and Group Name Lookups.
[    5.980706] systemd[1]: Listening on Journal Socket (/dev/log).
[[0;32m  OK  [0m] Listening on Journal Socket (/dev/log).
[    5.982779] systemd[1]: Listening on LVM2 metadata daemon socket.
[[0;32m  OK  [0m] Listening on LVM2 metadata daemon socket.
[    5.984842] systemd[1]: Reached target Encrypted Volumes.
[[0;32m  OK  [0m] Reached target Encrypted Volumes.
[    5.986735] systemd[1]: Listening on udev Control Socket.
[[0;32m  OK  [0m] Listening on udev Control Socket.
[    5.988657] systemd[1]: Listening on /dev/initctl Compatibility Named Pipe.
[[0;32m  OK  [0m] Listening on /dev/initctl Compatibility Named Pipe.
[    5.991119] systemd[1]: Set up automount Arbitrary Executable File Formats File System Automount Point.
[[0;32m  OK  [0m] Set up automount Arbitrary Executab...ats File System Automount Point.
[    5.993982] systemd[1]: Reached target System Time Synchronized.
[[0;32m  OK  [0m] Reached target System Time Synchronized.
[    5.996069] systemd[1]: Created slice System Slice.
[[0;32m  OK  [0m] Created slice System Slice.
[    6.009809] systemd[1]: Starting Journal Service...
         Starting Journal Service...
[    6.012640] systemd[1]: Mounting Debug File System...
         Mounting Debug File System...
[    6.016726] systemd[1]: Starting Load Kernel Modules...
         Starting Load Kernel Modules...
[    6.018872] systemd[1]: Created slice system-serial\x2dgetty.slice.
[[0;32m  OK  [0m] Created slice system-serial\x2dgetty.slice.
[    6.022110] systemd[1]: Mounting POSIX Message Queue File System...
         Mounting POSIX Message Queue File System...
[    6.024946] systemd[1]: Starting Uncomplicated firewall...
         Starting Uncomplicated firewall...
[    6.028826] systemd[1]: Starting Monitoring of LVM2 mirrors, snapshots etc. using dmeventd or progress polling...
         Starting Monitoring of LVM2 mirrors... dmeventd or progress polling...
[    6.032761] systemd[1]: Starting Create list of required static device nodes for the current kernel...
         Starting Create list of required st... nodes for the current kernel...
[    6.039786] systemd[1]: Starting Nameserver information manager...
         Starting Nameserver information manager...
[    6.046659] systemd[1]: Starting Set console keymap...
         Starting Set console keymap...
[    6.051049] systemd[1]: Mounting Huge Pages File System...
         Mounting Huge Pages File System...
[    6.058136] systemd[1]: Starting Remount Root and Kernel File Systems...
         Starting Remount Root and Kernel File Systems...
[    6.060475] systemd[1]: Reached target Slices.
[[0;32m  OK  [0m] Reached target Slices.
[    6.064736] systemd[1]: Mounted POSIX Message Queue File System.
[[0;32m  OK  [0m] Mounted POSIX Message Queue File System.
[    6.067033] systemd[1]: Mounted Debug File System.
[[0;32m  OK  [0m] Mounted Debug File System.
[    6.068892] systemd[1]: Mounted Huge Pages File System.
[[0;32m  OK  [0m] Mounted Huge Pages File System.
[    6.072310] systemd[1]: Started Uncomplicated firewall.
[[0;32m  OK  [0m] Started Uncomplicated firewall.
[    6.074968] systemd[1]: Started Create list of required static device nodes for the current kernel.
[    6.075019] EXT4-fs (sda1): re-mounted. Opts: (null)
[[0;32m  OK  [0m] Started Create list of required sta...ce nodes for the current kernel.
[    6.081718] Loading iSCSI transport class v2.0-870.
[    6.092142] iscsi: registered transport (tcp)
[    6.098453] systemd[1]: Started Remount Root and Kernel File Systems.
[[0;32m  OK  [0m] Started Remount Root and Kernel File Systems.
[    6.104181] systemd[1]: Started Nameserver information manager.
[[0;32m  OK  [0m] Started Nameserver information manager.
[    6.109035] systemd[1]: Started Journal Service.
[[0;32m  OK  [0m] Started Journal Service.
[    6.138142] iscsi: registered transport (iser)
[[0;32m  OK  [0m] Started Load Kernel Modules.
[[0;32m  OK  [0m] Started Set console keymap.
         Starting Apply Kernel Variables...
         Mounting FUSE Control File System...
[[0;32m  OK  [0m] Started LVM2 metadata daemon.
         Starting udev Coldplug all Devices...
         Starting Flush Journal to Persistent Storage...
         Starting Load/Save Random Seed...
         Starting Create Static Device Nodes in /dev...
[[0;32m  OK  [0m] Mounted FUSE Control File System.
[[0;32m  OK  [0m] Started Load/Save Random Seed.
[[0;32m  OK  [0m] Started Apply Kernel Variables.
[[0;32m  OK  [0m] Started Create Static Device Nodes in /dev.
[[0;32m  OK  [0m] Started Flush Journal to Persistent Storage.
         Starting udev Kernel Device Manager...
[[0;32m  OK  [0m] Started udev Coldplug all Devices.
[[0;32m  OK  [0m] Started udev Kernel Device Manager.
[[0;32m  OK  [0m] Started Dispatch Password Requests to Console Directory Watch.
[[0;32m  OK  [0m] Started Monitoring of LVM2 mirrors,...ng dmeventd or progress polling.
[[0;32m  OK  [0m] Reached target Local File Systems (Pre).
[[0;32m  OK  [0m] Reached target Local File Systems.
         Starting Create Volatile Files and Directories...
         Starting Initial cloud-init job (pre-networking)...
         Starting Commit a transient machine-id on disk...
         Starting Tell Plymouth To Write Out Runtime Data...
         Starting Set console font and keymap...
         Starting LSB: AppArmor initialization...
[[0;32m  OK  [0m] Started Create Volatile Files and Directories.
[[0;32m  OK  [0m] Started Tell Plymouth To Write Out Runtime Data.
[[0;32m  OK  [0m] Started Commit a transient machine-id on disk.
         Starting Update UTMP about System Boot/Shutdown...
[[0;32m  OK  [0m] Found device /dev/ttyS0.
[[0;32m  OK  [0m] Started Update UTMP about System Boot/Shutdown.
[[0;32m  OK  [0m] Listening on Load/Save RF Kill Switch Status /dev/rfkill Watch.
[[0;32m  OK  [0m] Started LSB: AppArmor initialization.
[    7.523929] cloud-init[486]: Cloud-init v. 19.1-1-gbaa47854-0ubuntu1~16.04.1 running 'init-local' at Tue, 20 Aug 2019 10:55:32 +0000. Up 7.02 seconds.
[[0;32m  OK  [0m] Started Set console font and keymap.
[[0;32m  OK  [0m] Created slice system-getty.slice.
[[0;32m  OK  [0m] Started Initial cloud-init job (pre-networking).
[[0;32m  OK  [0m] Reached target Network (Pre).
         Starting Raise network interfaces...
[[0;32m  OK  [0m] Started Raise network interfaces.
         Starting Initial cloud-init job (metadata service crawler)...
[[0;32m  OK  [0m] Reached target Network.
[    8.579100] cloud-init[956]: Cloud-init v. 19.1-1-gbaa47854-0ubuntu1~16.04.1 running 'init' at Tue, 20 Aug 2019 10:55:33 +0000. Up 8.08 seconds.
[    8.581037] cloud-init[956]: ci-info: ++++++++++++++++++++++++++++++++++++++Net device info+++++++++++++++++++++++++++++++++++++++
[    8.582791] cloud-init[956]: ci-info: +--------+-------+----------------------------+---------------+--------+-------------------+
[    8.584564] cloud-init[956]: ci-info: | Device |   Up  |          Address           |      Mask     | Scope  |     Hw-Address    |
[    8.589069] cloud-init[956]: ci-info: +--------+-------+----------------------------+---------------+--------+-------------------+
[    8.593146] cloud-init[956]: ci-info: | enp0s3 |  True |         10.0.2.15          | 255.255.255.0 | global | 02:42:45:d1:d3:36 |
[    8.595003] cloud-init[956]: ci-info: | enp0s3 |  True | fe80::42:45ff:fed1:d336/64 |       .       |  link  | 02:42:45:d1:d3:36 |
[    8.596292] cloud-init[956]: ci-info: | enp0s8 | False |             .              |       .       |   .    | 08:00:27:1d:b8:ab |
[    8.601075] cloud-init[956]: ci-info: |   lo   |  True |         127.0.0.1          |   255.0.0.0   |  host  |         .         |
[    8.602702] cloud-init[956]: ci-info: |   lo   |  True |          ::1/128           |       .       |  host  |         .         |
[    8.604870] cloud-init[956]: ci-info: +--------+-------+----------------------------+---------------+--------+-------------------+
[    8.612746] cloud-init[956]: ci-info: +++++++++++++++++++++++++++Route IPv4 info++++++++++++++++++++++++++++
[    8.620555] cloud-init[956]: ci-info: +-------+-------------+----------+---------------+-----------+-------+
[    8.629812] cloud-init[956]: ci-info: | Route | Destination | Gateway  |    Genmask    | Interface | Flags |
[    8.631244] cloud-init[956]: ci-info: +-------+-------------+----------+---------------+-----------+-------+
[    8.632723] cloud-init[956]: ci-info: |   0   |   0.0.0.0   | 10.0.2.2 |    0.0.0.0    |   enp0s3  |   UG  |
[    8.634264] cloud-init[956]: ci-info: |   1   |   10.0.2.0  | 0.0.0.0  | 255.255.255.0 |   enp0s3  |   U   |
[    8.635921] cloud-init[956]: ci-info: +-------+-------------+----------+---------------+-----------+-------+
[    8.637475] cloud-init[956]: ci-info: +++++++++++++++++++Route IPv6 info+++++++++++++++++++
[    8.639018] cloud-init[956]: ci-info: +-------+-------------+---------+-----------+-------+
[    8.640503] cloud-init[956]: ci-info: | Route | Destination | Gateway | Interface | Flags |
[    8.641859] cloud-init[956]: ci-info: +-------+-------------+---------+-----------+-------+[[0;32m  OK  [0m] Started Initial cloud-init job (metadata service crawler).
[[0;32m  OK  [0m] Reached target Cloud-config availability.
[[0;32m  OK  [0m] Reached target Network is Online.

[    8.645016] cloud-init[956]: ci-info: |   0   |  fe80::/64  |    ::   |   enp0s3  |   U   |
         Starting iSCSI initiator daemon (iscsid)...
[[0;32m  OK  [0m] Reached target System Initialization.
[[0;32m  OK  [0m] Started Daily Cleanup of Temporary Directories.
[    8.658088] cloud-init[956]: ci-info: |   3   |   ff00::/8  |    ::   |   enp0s3  |   U   |
[    8.668290]          cloud-initStarting LXD - unix socket.[956]: 
ci-info: +-------+-------------+---------+-----------+-------+
[    8.677042] [[0;32m  OK  [0m] Listening on ACPID Listen Socket.
[[0;32m  OK  [0m] Listening on D-Bus System Message Bus Socket.
         Starting Socket activation for snappy daemon.
[[0;32m  OK  [0m] Listening on UUID daemon activation socket.
cloud-init[956]: Generating public/private rsa key pair.
[    8.680713] [[0;32m  OK  [0m] Started ACPI Events Check.
[[0;32m  OK  [0m] Reached target Paths.
[[0;32m  OK  [0m] Started Daily apt download activities.
[[0;32m  OK  [0m] Started Daily apt upgrade and clean activities.
[[0;32m  OK  [0m] Reached target Timers.
[[0;32m  OK  [0m] Listening on LXD - unix socket.
[[0;32m  OK  [0m] Listening on Socket activation for snappy daemon.
cloud-init[956]: Your identification has been saved in /etc/ssh/ssh_host_rsa_key.
[    8.692595] cloud-init[956]: Your public key has been saved in /etc/ssh/ssh_host_rsa_key.pub.
[    8.694094] [[0;32m  OK  [0m] Started iSCSI initiator daemon (iscsid).
cloud-init[956]: The key fingerprint is:
         Starting Login to default iSCSI targets...
[[0;32m  OK  [0m] Reached target Sockets.
[[0;32m  OK  [0m] Reached target Basic System.
[    8.695956] cloud-init[[0;32m  OK  [0m] Started Deferred execution scheduler.
[956]: SHA256:1R/dpD18Mw50Clp6RcNlTx+TOA4npNCKktr5/UhPiz0 root@ubuntu-xenial
[    8.700298] cloud-init[956]: The key's randomart image is:
[    8.701195] cloud-init[956]: +---[RSA 2048]----+
         Starting Login Service...
[    8.702417] cloud-init[956]: |       .. .+o=o*+|
[[0;32m  OK  [0m] Started Regular background program processing daemon.
[    8.704047] cloud-init[956]: |        ..=++=*B*|         Starting /etc/rc.local Compatibility...
         Starting Virtualbox guest utils...
         Starting LSB: Record successful boot for GRUB...

[    8.710301]          Starting Pollinate to seed the pseudo random number generator...
         Starting LSB: MD monitoring daemon...
[[0;32m  OK  [0m] Started ACPI event daemon.
         Starting Snappy daemon...
         Starting System Logging Service...
[[0;32m  OK  [0m] Started FUSE filesystem for LXC.
         Starting Accounts Service...
[[0;32m  OK  [0m] Started D-Bus System Message Bus.
cloud-init[956]: |    . . .+..*o+=B|
[    8.732583] cloud-init[956]: |   o . . ..  oo.=|
[    8.733597] cloud-init[956]: |  o o   S     .. |
[    8.745560] cloud-init[956]: | . o             |
[    8.749466] cloud-init[956]: |    . .. .       |
[    8.753356] cloud-init[956]: |     ...*E.      |
[    8.754943] cloud-init[956]: |       o.=.      |
[    8.756135] cloud-init[956]: +----[SHA256]-----+
[    8.764328] cloud-init[956]: Generating public/private dsa key pair.
[    8.765714] cloud-init[956]: Your identification has been saved in /etc/ssh/ssh_host_dsa_key.
[    8.766997] cloud-init[956]: Your public key has been saved in /etc/ssh/ssh_host_dsa_key.pub.
[    8.768606] cloud-init[956]: The key fingerprint is:
[    8.770790] cloud-init[956]: SHA256:ENFzNvgR2Vc6ibKuO5afsPhaYXRunMFjPgBVMrIyxPQ root@ubuntu-xenial
[    8.772463] cloud-init[956]: The key's randomart image is:
[    8.773591] cloud-init[956]: +---[DSA 1024]----+
[    8.774654] cloud-init[956]: |   oo =++oo+   ..|
[    8.776363] cloud-init[956]: |   ... =++* ...o |
[    8.777246] cloud-init[956]: |    o E o=Bo..+  |
[    8.784184] cloud-init[956]: |     o o B.*   . |
[    8.788129] cloud-init[956]: |        S O      |
[    8.796541] cloud-init[956]: |       . + .     |
[    8.798214] cloud-init[956]: |        o..      |
[    8.799592] cloud-init[956]: |       o++ .     |
[    8.801614] cloud-init[956]: |      o+=+o      |
[    8.803034] cloud-init[956]: +----[SHA256]-----+
[    8.804118] cloud-init[956]: Generating public/private ecdsa key pair.
[    8.806677] cloud-init[956]: Your identification has been saved in /etc/ssh/ssh_host_ecdsa_key.
[    8.808653] cloud-init[956]: Your public key has been saved in /etc/ssh/ssh_host_ecdsa_key.pub.
         Starting LXD - container startup/shutdown...
[    8.810548] cloud-init[956]: The key fingerprint is:
[    8.815556] [[0;32m  OK  [0m] Started System Logging Service.
cloud-init[956]: [[0;32m  OK  [0m] Started /etc/rc.local Compatibility.
SHA256:6aNT32cp3IoURboPs3v9ztVdM42MkIdNJW9BShUmR5s root@ubuntu-xenial
[    8.818640] cloud-init[956]: The key's randomart image is:
[    8.820016] cloud-init[956]: +---[ECDSA 256]---+
[    8.821693] cloud-init[956]: |            *=X. |
[    8.823111] cloud-init[956]: |           O B + |
[    8.824352] cloud-init[956]: |          = = E  |
[    8.833536] cloud-init[956]: |         . = + ..|
[    8.834780] cloud-init[956]: |        S = . ooo|
[    8.837032] cloud-init[956]: |       ..  *    *|
[    8.839305] cloud-init[956]: |       .o.oo.o .+|
[    8.841164] cloud-init[956]: |      .. o.o= *..|
[    8.842593] cloud-init[956]: |      ..  o..= o+|
[    8.843785] cloud-init[956]: +----[SHA256]-----+
[    8.847882] cloud-init[956]: Generating public/private ed25519 key pair.
[    8.849926] cloud-init[956]: Your identification has been saved in /etc/ssh/ssh_host_ed25519_key.[[0;32m  OK  [0m] Started Login to default iSCSI targets.

[    8.852609] cloud-init[956]: Your public key has been saved in /etc/ssh/ssh_host_ed25519_key.pub.
[    8.857969] cloud-init[956]: The key fingerprint is:
[    8.860286] cloud-init[956]: SHA256:5yAQQCYP0YqpDqRY/OP0R3rYN3uKDfIe9jXUtUdfMUk root@ubuntu-xenial
[    8.862575] cloud-init[956]: The key's randomart image is:
[    8.865350] cloud-init[956]: +--[ED25519 256]--+
[    8.871793] cloud-init[956]: |+++..         .E.|
[    8.874216] cloud-init[956]: | =.  .         .o|
[    8.883863] cloud-init[956]: |.+. .           +|
[    8.891414] cloud-init[956]: |+.o  .       . o+|
[    8.893472] cloud-init[956]: |=. .  . S . . ..o|
[    8.894599] cloud-init[956]: |=   +  ..+ .    .|
[    8.898422] cloud-init[956]: |o  o o.=+ . o    |
[[0;32m  OK  [0m] Started Login Service.
[    8.903494] cloud-init[956]: | .  . +++*o...   |
[    8.924899] cloud-init[956]: |       ++.==     |
[    8.926109] [[0;32m  OK  [0m] Started Unattended Upgrades Shutdown.
         Starting Authenticate and Authorize Users to Run Privileged Tasks...
[[0;32m  OK  [0m] Reached target Remote File Systems (Pre).
[[0;32m  OK  [0m] Reached target Remote File Systems.
         Starting Permit User Sessions...
         Starting LSB: Set the CPU Frequency Scaling governor to "ondemand"...
         Starting LSB: automatic crash report generation...
         Starting LSB: daemon to balance interrupts for SMP systems...
[[0;32m  OK  [0m] Started Permit User Sessions.
         Starting Terminate Plymouth Boot Screen...
         Starting Hold until boot process finishes up...
[[0;32m  OK  [0m] Started Hold until boot process finishes up.
[[0;32m  OK  [0m] Started Serial Getty on ttyS0.
         Starting Set console scheme...
[[0;32m  OK  [0m] Started Getty on tty1.
[[0;32m  OK  [0m] Reached target Login Prompts.
[[0;32m  OK  [0m] Started LSB: Record successful boot for GRUB.
[[0;32m  OK  [0m] Started Terminate Plymouth Boot Screen.
[[0;32m  OK  [0m] Started Set console scheme.
[[0;32m  OK  [0m] Started LSB: automatic crash report generation.
cloud-init[956]: +----[SHA256]-----+
[[0;32m  OK  [0m] Started Authenticate and Authorize Users to Run Privileged Tasks.
[[0;32m  OK  [0m] Started Accounts Service.
[[0;32m  OK  [0m] Started LSB: MD monitoring daemon.
[[0;32m  OK  [0m] Started LSB: Set the CPU Frequency Scaling governor to "ondemand".
[[0;32m  OK  [0m] Started LXD - container startup/shutdown.
[[0;32m  OK  [0m] Started LSB: daemon to balance interrupts for SMP systems.
[[0;32m  OK  [0m] Started Virtualbox guest utils.
[[0;32m  OK  [0m] Started Snappy daemon.
         Starting Wait until snapd is fully seeded...
[[0;32m  OK  [0m] Started Pollinate to seed the pseudo random number generator.
         Starting OpenBSD Secure Shell server...
[[0;32m  OK  [0m] Started OpenBSD Secure Shell server.
[[0;32m  OK  [0m] Started Wait until snapd is fully seeded.
[[0;32m  OK  [0m] Reached target Multi-User System.
[[0;32m  OK  [0m] Reached target Graphical Interface.
         Starting Update UTMP about System Runlevel Changes...
         Starting Apply the settings specified in cloud-config...
[[0;32m  OK  [0m] Started Update UTMP about System Runlevel Changes.
[   10.717150] cloud-init[1324]: Generating locales (this might take a while)...
[   11.496677] cloud-init[1324]:   en_US.UTF-8... done
[   11.497613] cloud-init[1324]: Generation complete.
[   11.854576] cloud-init[1324]: Cloud-init v. 19.1-1-gbaa47854-0ubuntu1~16.04.1 running 'modules:config' at Tue, 20 Aug 2019 10:55:36 +0000. Up 10.62 seconds.
[[0;32m  OK  [0m] Started Apply the settings specified in cloud-config.
         Starting Execute cloud user/final scripts...
[[0;32m  OK  [0m] Created slice User Slice of vagrant.
         Starting User Manager for UID 1000...
[[0;32m  OK  [0m] Started Session 1 of user vagrant.
[[0;32m  OK  [0m] Started User Manager for UID 1000.
ci-info: no authorized ssh keys fingerprints found for user ubuntu.
<14>Aug 20 10:55:38 ec2: 
<14>Aug 20 10:55:38 ec2: #############################################################
<14>Aug 20 10:55:38 ec2: -----BEGIN SSH HOST KEY FINGERPRINTS-----
<14>Aug 20 10:55:38 ec2: 1024 SHA256:ENFzNvgR2Vc6ibKuO5afsPhaYXRunMFjPgBVMrIyxPQ root@ubuntu-xenial (DSA)
<14>Aug 20 10:55:38 ec2: 256 SHA256:6aNT32cp3IoURboPs3v9ztVdM42MkIdNJW9BShUmR5s root@ubuntu-xenial (ECDSA)
<14>Aug 20 10:55:38 ec2: 256 SHA256:5yAQQCYP0YqpDqRY/OP0R3rYN3uKDfIe9jXUtUdfMUk root@ubuntu-xenial (ED25519)
<14>Aug 20 10:55:38 ec2: 2048 SHA256:1R/dpD18Mw50Clp6RcNlTx+TOA4npNCKktr5/UhPiz0 root@ubuntu-xenial (RSA)
<14>Aug 20 10:55:38 ec2: -----END SSH HOST KEY FINGERPRINTS-----
<14>Aug 20 10:55:38 ec2: #############################################################
-----BEGIN SSH HOST KEY KEYS-----
ecdsa-sha2-nistp256 AAAAE2VjZHNhLXNoYTItbmlzdHAyNTYAAAAIbmlzdHAyNTYAAABBBIXgz3Ux3cOoTj1ur+Kpm0ViFj7B1c8kex5VbeO5GY2uzRAtReCVDYIpNlBsbG+GMQt5vYlPVavojCGlXC96R2Y= root@ubuntu-xenial
ssh-ed25519 AAAAC3NzaC1lZDI1NTE5AAAAIB72u5dQp/0SswLLbqs/dEZcDmG56ZSLgu/+sra8bJIh root@ubuntu-xenial
ssh-rsa AAAAB3NzaC1yc2EAAAADAQABAAABAQC717rKV5cEOyNaKletffhbStH3qWSjOwcGNRXn+drBIDUVH+DiJyqdgUvlI5wHTyIQcHYwqDFOI8LCZCvv6WB/17WlUC7u9HRPsGkF8mKXKpJ7KSqw8O8XJepTSkG4mOd394KHHuoNyBHQwEJyfQUVSaTR3Mj492MTf+96CuaNlgaNa/yijDjY7aQbv3IsCmzLdztBgaf9Q0obJgVKPQbRD1pHrjizm+0QMUSzbSquATX828W600kSTogM/TOtNLhY2MgdAJPhlNXRYffi1ZWZcqiizQogAxlmmLxiysG/eQZgtMz/NqfAqH0sUfdw/s3weUKhibghgKaZ3Zt5gfmh root@ubuntu-xenial
-----END SSH HOST KEY KEYS-----
[   12.367782] cloud-init[1365]: Cloud-init v. 19.1-1-gbaa47854-0ubuntu1~16.04.1 running 'modules:final' at Tue, 20 Aug 2019 10:55:37 +0000. Up 12.20 seconds.
[   12.370113] cloud-init[1365]: ci-info: no authorized ssh keys fingerprints found for user ubuntu.
[   12.371675] cloud-init[1365]: Cloud-init v. 19.1-1-gbaa47854-0ubuntu1~16.04.1 finished at Tue, 20 Aug 2019 10:55:38 +0000. Datasource DataSourceNoCloud [seed=/dev/sdb][dsmode=net].  Up 12.35 seconds
[[0;32m  OK  [0m] Started Execute cloud user/final scripts.
[[0;32m  OK  [0m] Reached target Cloud-init target.

Ubuntu 16.04.6 LTS ubuntu-xenial ttyS0

ubuntu-xenial login: 